<p> A Thread object is passed as a parameter to a method where 
a Runnable is expected. This is rather unusual, and may indicate a logic error
or cause unexpected behavior.
   </p>